fatfs_sd.c:31:13:SPI_TxByte	16	static
fatfs_sd.c:19:13:SELECT	0	static
fatfs_sd.c:25:13:DESELECT	0	static
fatfs_sd.c:38:16:SPI_RxByte	24	static
fatfs_sd.c:75:13:SD_PowerOn	16	static
fatfs_sd.c:57:16:SD_ReadyWait	8	static
fatfs_sd.c:163:13:SD_TxDataBlock	16	static
fatfs_sd.c:213:13:SD_SendCmd	16	static
fatfs_sd.c:131:13:SD_RxDataBlock	16	static
fatfs_sd.c:259:9:SD_disk_initialize	32	static
fatfs_sd.c:362:9:SD_disk_status	0	static
fatfs_sd.c:371:9:SD_disk_read	16	static
fatfs_sd.c:414:9:SD_disk_write	24	static
fatfs_sd.c:469:9:SD_disk_ioctl	32	static
