stm32f1xx_it.c:59:6:SDTimer_Handler	0	static
stm32f1xx_it.c:81:6:NMI_Handler	0	static
stm32f1xx_it.c:94:6:HardFault_Handler	0	static
stm32f1xx_it.c:109:6:MemManage_Handler	0	static
stm32f1xx_it.c:124:6:BusFault_Handler	0	static
stm32f1xx_it.c:139:6:UsageFault_Handler	0	static
stm32f1xx_it.c:154:6:SVC_Handler	0	static
stm32f1xx_it.c:167:6:DebugMon_Handler	0	static
stm32f1xx_it.c:180:6:PendSV_Handler	0	static
stm32f1xx_it.c:193:6:SysTick_Handler	8	static
stm32f1xx_it.c:219:6:EXTI1_IRQHandler	0	static
stm32f1xx_it.c:233:6:EXTI2_IRQHandler	0	static
stm32f1xx_it.c:247:6:EXTI3_IRQHandler	0	static
stm32f1xx_it.c:261:6:EXTI4_IRQHandler	0	static
